[2023-12-08T15:30:23.643+0000][gc] Using G1
[2023-12-08T15:30:23.658+0000][gc,init] Version: 17.0.8.1+1-LTS (release)
[2023-12-08T15:30:23.658+0000][gc,init] CPUs: 2 total, 2 available
[2023-12-08T15:30:23.658+0000][gc,init] Memory: 7929M
[2023-12-08T15:30:23.658+0000][gc,init] Large Page Support: Disabled
[2023-12-08T15:30:23.658+0000][gc,init] NUMA Support: Disabled
[2023-12-08T15:30:23.658+0000][gc,init] Compressed Oops: Enabled (32-bit)
[2023-12-08T15:30:23.658+0000][gc,init] Heap Region Size: 1M
[2023-12-08T15:30:23.658+0000][gc,init] Heap Min Capacity: 1G
[2023-12-08T15:30:23.658+0000][gc,init] Heap Initial Capacity: 1G
[2023-12-08T15:30:23.658+0000][gc,init] Heap Max Capacity: 1G
[2023-12-08T15:30:23.658+0000][gc,init] Pre-touch: Disabled
[2023-12-08T15:30:23.658+0000][gc,init] Parallel Workers: 2
[2023-12-08T15:30:23.658+0000][gc,init] Concurrent Workers: 1
[2023-12-08T15:30:23.658+0000][gc,init] Concurrent Refinement Workers: 2
[2023-12-08T15:30:23.658+0000][gc,init] Periodic GC: Disabled
[2023-12-08T15:30:23.664+0000][gc,metaspace] CDS archive(s) mapped at: [0x00007f7a47000000-0x00007f7a47beb000-0x00007f7a47beb000), size 12496896, SharedBaseAddress: 0x00007f7a47000000, ArchiveRelocationMode: 1.
[2023-12-08T15:30:23.664+0000][gc,metaspace] Compressed class space mapped at: 0x00007f7a48000000-0x00007f7a88000000, reserved size: 1073741824
[2023-12-08T15:30:23.664+0000][gc,metaspace] Narrow klass base: 0x00007f7a47000000, Narrow klass shift: 0, Narrow klass range: 0x100000000
[2023-12-08T15:30:25.216+0000][gc,start    ] GC(0) Pause Young (Normal) (G1 Evacuation Pause)
[2023-12-08T15:30:25.216+0000][gc,task     ] GC(0) Using 2 workers of 2 for evacuation
[2023-12-08T15:30:25.231+0000][gc,phases   ] GC(0)   Pre Evacuate Collection Set: 0.1ms
[2023-12-08T15:30:25.231+0000][gc,phases   ] GC(0)   Merge Heap Roots: 0.1ms
[2023-12-08T15:30:25.231+0000][gc,phases   ] GC(0)   Evacuate Collection Set: 13.6ms
[2023-12-08T15:30:25.231+0000][gc,phases   ] GC(0)   Post Evacuate Collection Set: 0.7ms
[2023-12-08T15:30:25.231+0000][gc,phases   ] GC(0)   Other: 0.5ms
[2023-12-08T15:30:25.231+0000][gc,heap     ] GC(0) Eden regions: 51->0(44)
[2023-12-08T15:30:25.231+0000][gc,heap     ] GC(0) Survivor regions: 0->7(7)
[2023-12-08T15:30:25.231+0000][gc,heap     ] GC(0) Old regions: 0->0
[2023-12-08T15:30:25.231+0000][gc,heap     ] GC(0) Archive regions: 2->2
[2023-12-08T15:30:25.231+0000][gc,heap     ] GC(0) Humongous regions: 0->0
[2023-12-08T15:30:25.231+0000][gc,metaspace] GC(0) Metaspace: 18923K(19136K)->18923K(19136K) NonClass: 16389K(16512K)->16389K(16512K) Class: 2533K(2624K)->2533K(2624K)
[2023-12-08T15:30:25.231+0000][gc          ] GC(0) Pause Young (Normal) (G1 Evacuation Pause) 51M->7M(1024M) 15.078ms
[2023-12-08T15:30:25.231+0000][gc,cpu      ] GC(0) User=0.02s Sys=0.00s Real=0.01s
[2023-12-08T15:30:25.435+0000][gc,start    ] GC(1) Pause Young (Concurrent Start) (Metadata GC Threshold)
[2023-12-08T15:30:25.435+0000][gc,task     ] GC(1) Using 2 workers of 2 for evacuation
[2023-12-08T15:30:25.443+0000][gc,phases   ] GC(1)   Pre Evacuate Collection Set: 0.2ms
[2023-12-08T15:30:25.443+0000][gc,phases   ] GC(1)   Merge Heap Roots: 0.0ms
[2023-12-08T15:30:25.443+0000][gc,phases   ] GC(1)   Evacuate Collection Set: 7.1ms
[2023-12-08T15:30:25.443+0000][gc,phases   ] GC(1)   Post Evacuate Collection Set: 0.5ms
[2023-12-08T15:30:25.443+0000][gc,phases   ] GC(1)   Other: 0.2ms
[2023-12-08T15:30:25.443+0000][gc,heap     ] GC(1) Eden regions: 9->0(49)
[2023-12-08T15:30:25.443+0000][gc,heap     ] GC(1) Survivor regions: 7->2(7)
[2023-12-08T15:30:25.443+0000][gc,heap     ] GC(1) Old regions: 0->7
[2023-12-08T15:30:25.443+0000][gc,heap     ] GC(1) Archive regions: 2->2
[2023-12-08T15:30:25.443+0000][gc,heap     ] GC(1) Humongous regions: 129->129
[2023-12-08T15:30:25.443+0000][gc,metaspace] GC(1) Metaspace: 21293K(21504K)->21293K(21504K) NonClass: 18455K(18560K)->18455K(18560K) Class: 2838K(2944K)->2838K(2944K)
[2023-12-08T15:30:25.443+0000][gc          ] GC(1) Pause Young (Concurrent Start) (Metadata GC Threshold) 145M->138M(1024M) 8.216ms
[2023-12-08T15:30:25.444+0000][gc,cpu      ] GC(1) User=0.01s Sys=0.00s Real=0.00s
[2023-12-08T15:30:25.444+0000][gc          ] GC(2) Concurrent Mark Cycle
[2023-12-08T15:30:25.444+0000][gc,marking  ] GC(2) Concurrent Clear Claimed Marks
[2023-12-08T15:30:25.444+0000][gc,marking  ] GC(2) Concurrent Clear Claimed Marks 0.028ms
[2023-12-08T15:30:25.444+0000][gc,marking  ] GC(2) Concurrent Scan Root Regions
[2023-12-08T15:30:25.447+0000][gc,marking  ] GC(2) Concurrent Scan Root Regions 3.374ms
[2023-12-08T15:30:25.447+0000][gc,marking  ] GC(2) Concurrent Mark
[2023-12-08T15:30:25.447+0000][gc,marking  ] GC(2) Concurrent Mark From Roots
[2023-12-08T15:30:25.447+0000][gc,task     ] GC(2) Using 1 workers of 1 for marking
[2023-12-08T15:30:25.449+0000][gc,marking  ] GC(2) Concurrent Mark From Roots 1.866ms
[2023-12-08T15:30:25.449+0000][gc,marking  ] GC(2) Concurrent Preclean
[2023-12-08T15:30:25.449+0000][gc,marking  ] GC(2) Concurrent Preclean 0.061ms
[2023-12-08T15:30:25.449+0000][gc,start    ] GC(2) Pause Remark
[2023-12-08T15:30:25.452+0000][gc          ] GC(2) Pause Remark 138M->138M(1024M) 2.374ms
[2023-12-08T15:30:25.452+0000][gc,cpu      ] GC(2) User=0.00s Sys=0.00s Real=0.00s
[2023-12-08T15:30:25.452+0000][gc,marking  ] GC(2) Concurrent Mark 4.536ms
[2023-12-08T15:30:25.452+0000][gc,marking  ] GC(2) Concurrent Rebuild Remembered Sets
[2023-12-08T15:30:25.455+0000][gc,marking  ] GC(2) Concurrent Rebuild Remembered Sets 3.100ms
[2023-12-08T15:30:25.455+0000][gc,start    ] GC(2) Pause Cleanup
[2023-12-08T15:30:25.455+0000][gc          ] GC(2) Pause Cleanup 138M->138M(1024M) 0.083ms
[2023-12-08T15:30:25.455+0000][gc,cpu      ] GC(2) User=0.00s Sys=0.00s Real=0.00s
[2023-12-08T15:30:25.455+0000][gc,marking  ] GC(2) Concurrent Cleanup for Next Mark
[2023-12-08T15:30:25.464+0000][gc,marking  ] GC(2) Concurrent Cleanup for Next Mark 8.825ms
[2023-12-08T15:30:25.464+0000][gc          ] GC(2) Concurrent Mark Cycle 20.314ms
[2023-12-08T15:39:00.286+0000][gc,start    ] GC(3) Pause Young (Normal) (G1 Evacuation Pause)
[2023-12-08T15:39:00.286+0000][gc,task     ] GC(3) Using 2 workers of 2 for evacuation
[2023-12-08T15:39:00.314+0000][gc,mmu      ] GC(3) MMU target violated: 21.0ms (20.0ms/21.0ms)
[2023-12-08T15:39:00.315+0000][gc,phases   ] GC(3)   Pre Evacuate Collection Set: 0.1ms
[2023-12-08T15:39:00.315+0000][gc,phases   ] GC(3)   Merge Heap Roots: 0.1ms
[2023-12-08T15:39:00.315+0000][gc,phases   ] GC(3)   Evacuate Collection Set: 27.1ms
[2023-12-08T15:39:00.315+0000][gc,phases   ] GC(3)   Post Evacuate Collection Set: 1.0ms
[2023-12-08T15:39:00.315+0000][gc,phases   ] GC(3)   Other: 0.7ms
[2023-12-08T15:39:00.315+0000][gc,heap     ] GC(3) Eden regions: 49->0(45)
[2023-12-08T15:39:00.315+0000][gc,heap     ] GC(3) Survivor regions: 2->6(7)
[2023-12-08T15:39:00.315+0000][gc,heap     ] GC(3) Old regions: 7->7
[2023-12-08T15:39:00.315+0000][gc,heap     ] GC(3) Archive regions: 2->2
[2023-12-08T15:39:00.315+0000][gc,heap     ] GC(3) Humongous regions: 129->129
[2023-12-08T15:39:00.315+0000][gc,metaspace] GC(3) Metaspace: 32745K(32960K)->32745K(32960K) NonClass: 28828K(28928K)->28828K(28928K) Class: 3916K(4032K)->3916K(4032K)
[2023-12-08T15:39:00.315+0000][gc          ] GC(3) Pause Young (Normal) (G1 Evacuation Pause) 187M->141M(1024M) 29.725ms
[2023-12-08T15:39:00.315+0000][gc,cpu      ] GC(3) User=0.01s Sys=0.00s Real=0.03s
[2023-12-08T15:43:55.519+0000][gc,start    ] GC(4) Pause Young (Concurrent Start) (Metadata GC Threshold)
[2023-12-08T15:43:55.519+0000][gc,task     ] GC(4) Using 2 workers of 2 for evacuation
[2023-12-08T15:43:55.527+0000][gc,phases   ] GC(4)   Pre Evacuate Collection Set: 0.1ms
[2023-12-08T15:43:55.527+0000][gc,phases   ] GC(4)   Merge Heap Roots: 0.1ms
[2023-12-08T15:43:55.527+0000][gc,phases   ] GC(4)   Evacuate Collection Set: 6.6ms
[2023-12-08T15:43:55.527+0000][gc,phases   ] GC(4)   Post Evacuate Collection Set: 0.6ms
[2023-12-08T15:43:55.527+0000][gc,phases   ] GC(4)   Other: 0.4ms
[2023-12-08T15:43:55.527+0000][gc,heap     ] GC(4) Eden regions: 18->0(50)
[2023-12-08T15:43:55.527+0000][gc,heap     ] GC(4) Survivor regions: 6->1(7)
[2023-12-08T15:43:55.527+0000][gc,heap     ] GC(4) Old regions: 7->12
[2023-12-08T15:43:55.527+0000][gc,heap     ] GC(4) Archive regions: 2->2
[2023-12-08T15:43:55.527+0000][gc,heap     ] GC(4) Humongous regions: 129->129
[2023-12-08T15:43:55.527+0000][gc,metaspace] GC(4) Metaspace: 35561K(35968K)->35561K(35968K) NonClass: 31209K(31424K)->31209K(31424K) Class: 4351K(4544K)->4351K(4544K)
[2023-12-08T15:43:55.527+0000][gc          ] GC(4) Pause Young (Concurrent Start) (Metadata GC Threshold) 159M->142M(1024M) 8.049ms
[2023-12-08T15:43:55.527+0000][gc,cpu      ] GC(4) User=0.02s Sys=0.00s Real=0.01s
[2023-12-08T15:43:55.527+0000][gc          ] GC(5) Concurrent Mark Cycle
[2023-12-08T15:43:55.527+0000][gc,marking  ] GC(5) Concurrent Clear Claimed Marks
[2023-12-08T15:43:55.527+0000][gc,marking  ] GC(5) Concurrent Clear Claimed Marks 0.047ms
[2023-12-08T15:43:55.527+0000][gc,marking  ] GC(5) Concurrent Scan Root Regions
[2023-12-08T15:43:55.531+0000][gc,marking  ] GC(5) Concurrent Scan Root Regions 4.273ms
[2023-12-08T15:43:55.531+0000][gc,marking  ] GC(5) Concurrent Mark
[2023-12-08T15:43:55.531+0000][gc,marking  ] GC(5) Concurrent Mark From Roots
[2023-12-08T15:43:55.531+0000][gc,task     ] GC(5) Using 1 workers of 1 for marking
[2023-12-08T15:43:55.539+0000][gc,marking  ] GC(5) Concurrent Mark From Roots 7.362ms
[2023-12-08T15:43:55.539+0000][gc,marking  ] GC(5) Concurrent Preclean
[2023-12-08T15:43:55.539+0000][gc,marking  ] GC(5) Concurrent Preclean 0.085ms
[2023-12-08T15:43:55.539+0000][gc,start    ] GC(5) Pause Remark
[2023-12-08T15:43:55.543+0000][gc          ] GC(5) Pause Remark 143M->143M(1024M) 3.880ms
[2023-12-08T15:43:55.543+0000][gc,cpu      ] GC(5) User=0.00s Sys=0.00s Real=0.00s
[2023-12-08T15:43:55.543+0000][gc,marking  ] GC(5) Concurrent Mark 11.662ms
[2023-12-08T15:43:55.543+0000][gc,marking  ] GC(5) Concurrent Rebuild Remembered Sets
[2023-12-08T15:43:55.549+0000][gc,marking  ] GC(5) Concurrent Rebuild Remembered Sets 5.385ms
[2023-12-08T15:43:55.549+0000][gc,start    ] GC(5) Pause Cleanup
[2023-12-08T15:43:55.549+0000][gc          ] GC(5) Pause Cleanup 143M->143M(1024M) 0.100ms
[2023-12-08T15:43:55.549+0000][gc,cpu      ] GC(5) User=0.00s Sys=0.00s Real=0.00s
[2023-12-08T15:43:55.549+0000][gc,marking  ] GC(5) Concurrent Cleanup for Next Mark
[2023-12-08T15:43:55.552+0000][gc,marking  ] GC(5) Concurrent Cleanup for Next Mark 3.593ms
[2023-12-08T15:43:55.553+0000][gc          ] GC(5) Concurrent Mark Cycle 25.459ms
[2023-12-08T16:36:20.945+0000][gc,start    ] GC(6) Pause Young (Normal) (G1 Evacuation Pause)
[2023-12-08T16:36:20.945+0000][gc,task     ] GC(6) Using 2 workers of 2 for evacuation
[2023-12-08T16:36:20.949+0000][gc,phases   ] GC(6)   Pre Evacuate Collection Set: 0.1ms
[2023-12-08T16:36:20.949+0000][gc,phases   ] GC(6)   Merge Heap Roots: 0.1ms
[2023-12-08T16:36:20.949+0000][gc,phases   ] GC(6)   Evacuate Collection Set: 3.9ms
[2023-12-08T16:36:20.949+0000][gc,phases   ] GC(6)   Post Evacuate Collection Set: 0.4ms
[2023-12-08T16:36:20.949+0000][gc,phases   ] GC(6)   Other: 0.1ms
[2023-12-08T16:36:20.949+0000][gc,heap     ] GC(6) Eden regions: 50->0(48)
[2023-12-08T16:36:20.950+0000][gc,heap     ] GC(6) Survivor regions: 1->3(7)
[2023-12-08T16:36:20.950+0000][gc,heap     ] GC(6) Old regions: 12->12
[2023-12-08T16:36:20.950+0000][gc,heap     ] GC(6) Archive regions: 2->2
[2023-12-08T16:36:20.950+0000][gc,heap     ] GC(6) Humongous regions: 129->129
[2023-12-08T16:36:20.950+0000][gc,metaspace] GC(6) Metaspace: 36558K(36992K)->36558K(36992K) NonClass: 32196K(32448K)->32196K(32448K) Class: 4361K(4544K)->4361K(4544K)
[2023-12-08T16:36:20.950+0000][gc          ] GC(6) Pause Young (Normal) (G1 Evacuation Pause) 192M->143M(1024M) 4.863ms
[2023-12-08T16:36:20.950+0000][gc,cpu      ] GC(6) User=0.01s Sys=0.00s Real=0.00s
[2023-12-08T16:55:55.306+0000][gc,start    ] GC(7) Pause Young (Normal) (G1 Evacuation Pause)
[2023-12-08T16:55:55.306+0000][gc,task     ] GC(7) Using 2 workers of 2 for evacuation
[2023-12-08T16:55:55.311+0000][gc,phases   ] GC(7)   Pre Evacuate Collection Set: 0.1ms
[2023-12-08T16:55:55.311+0000][gc,phases   ] GC(7)   Merge Heap Roots: 0.1ms
[2023-12-08T16:55:55.311+0000][gc,phases   ] GC(7)   Evacuate Collection Set: 3.9ms
[2023-12-08T16:55:55.311+0000][gc,phases   ] GC(7)   Post Evacuate Collection Set: 0.7ms
[2023-12-08T16:55:55.311+0000][gc,phases   ] GC(7)   Other: 0.1ms
[2023-12-08T16:55:55.311+0000][gc,heap     ] GC(7) Eden regions: 48->0(48)
[2023-12-08T16:55:55.311+0000][gc,heap     ] GC(7) Survivor regions: 3->3(7)
[2023-12-08T16:55:55.311+0000][gc,heap     ] GC(7) Old regions: 12->12
[2023-12-08T16:55:55.311+0000][gc,heap     ] GC(7) Archive regions: 2->2
[2023-12-08T16:55:55.311+0000][gc,heap     ] GC(7) Humongous regions: 129->129
[2023-12-08T16:55:55.311+0000][gc,metaspace] GC(7) Metaspace: 36628K(37056K)->36628K(37056K) NonClass: 32266K(32512K)->32266K(32512K) Class: 4362K(4544K)->4362K(4544K)
[2023-12-08T16:55:55.311+0000][gc          ] GC(7) Pause Young (Normal) (G1 Evacuation Pause) 191M->144M(1024M) 5.013ms
[2023-12-08T16:55:55.311+0000][gc,cpu      ] GC(7) User=0.01s Sys=0.00s Real=0.00s
