[2023-11-10T16:04:11.908+0000][gc] Using G1
[2023-11-10T16:04:11.923+0000][gc,init] Version: 17.0.8.1+1-LTS (release)
[2023-11-10T16:04:11.923+0000][gc,init] CPUs: 2 total, 2 available
[2023-11-10T16:04:11.923+0000][gc,init] Memory: 7929M
[2023-11-10T16:04:11.923+0000][gc,init] Large Page Support: Disabled
[2023-11-10T16:04:11.923+0000][gc,init] NUMA Support: Disabled
[2023-11-10T16:04:11.923+0000][gc,init] Compressed Oops: Enabled (32-bit)
[2023-11-10T16:04:11.923+0000][gc,init] Heap Region Size: 1M
[2023-11-10T16:04:11.923+0000][gc,init] Heap Min Capacity: 1G
[2023-11-10T16:04:11.923+0000][gc,init] Heap Initial Capacity: 1G
[2023-11-10T16:04:11.923+0000][gc,init] Heap Max Capacity: 1G
[2023-11-10T16:04:11.923+0000][gc,init] Pre-touch: Disabled
[2023-11-10T16:04:11.923+0000][gc,init] Parallel Workers: 2
[2023-11-10T16:04:11.923+0000][gc,init] Concurrent Workers: 1
[2023-11-10T16:04:11.923+0000][gc,init] Concurrent Refinement Workers: 2
[2023-11-10T16:04:11.923+0000][gc,init] Periodic GC: Disabled
[2023-11-10T16:04:11.929+0000][gc,metaspace] CDS archive(s) mapped at: [0x00007f9473000000-0x00007f9473beb000-0x00007f9473beb000), size 12496896, SharedBaseAddress: 0x00007f9473000000, ArchiveRelocationMode: 1.
[2023-11-10T16:04:11.929+0000][gc,metaspace] Compressed class space mapped at: 0x00007f9474000000-0x00007f94b4000000, reserved size: 1073741824
[2023-11-10T16:04:11.929+0000][gc,metaspace] Narrow klass base: 0x00007f9473000000, Narrow klass shift: 0, Narrow klass range: 0x100000000
[2023-11-10T16:04:13.857+0000][gc,start    ] GC(0) Pause Young (Normal) (G1 Evacuation Pause)
[2023-11-10T16:04:13.857+0000][gc,task     ] GC(0) Using 2 workers of 2 for evacuation
[2023-11-10T16:04:13.871+0000][gc,phases   ] GC(0)   Pre Evacuate Collection Set: 0.1ms
[2023-11-10T16:04:13.871+0000][gc,phases   ] GC(0)   Merge Heap Roots: 0.1ms
[2023-11-10T16:04:13.871+0000][gc,phases   ] GC(0)   Evacuate Collection Set: 13.5ms
[2023-11-10T16:04:13.872+0000][gc,phases   ] GC(0)   Post Evacuate Collection Set: 0.6ms
[2023-11-10T16:04:13.872+0000][gc,phases   ] GC(0)   Other: 0.4ms
[2023-11-10T16:04:13.872+0000][gc,heap     ] GC(0) Eden regions: 51->0(44)
[2023-11-10T16:04:13.872+0000][gc,heap     ] GC(0) Survivor regions: 0->7(7)
[2023-11-10T16:04:13.872+0000][gc,heap     ] GC(0) Old regions: 0->0
[2023-11-10T16:04:13.872+0000][gc,heap     ] GC(0) Archive regions: 2->2
[2023-11-10T16:04:13.872+0000][gc,heap     ] GC(0) Humongous regions: 0->0
[2023-11-10T16:04:13.872+0000][gc,metaspace] GC(0) Metaspace: 18972K(19136K)->18972K(19136K) NonClass: 16435K(16512K)->16435K(16512K) Class: 2537K(2624K)->2537K(2624K)
[2023-11-10T16:04:13.872+0000][gc          ] GC(0) Pause Young (Normal) (G1 Evacuation Pause) 51M->7M(1024M) 15.413ms
[2023-11-10T16:04:13.872+0000][gc,cpu      ] GC(0) User=0.02s Sys=0.00s Real=0.01s
[2023-11-10T16:04:14.076+0000][gc,start    ] GC(1) Pause Young (Concurrent Start) (Metadata GC Threshold)
[2023-11-10T16:04:14.076+0000][gc,task     ] GC(1) Using 2 workers of 2 for evacuation
[2023-11-10T16:04:14.084+0000][gc,phases   ] GC(1)   Pre Evacuate Collection Set: 0.1ms
[2023-11-10T16:04:14.084+0000][gc,phases   ] GC(1)   Merge Heap Roots: 0.0ms
[2023-11-10T16:04:14.084+0000][gc,phases   ] GC(1)   Evacuate Collection Set: 7.1ms
[2023-11-10T16:04:14.084+0000][gc,phases   ] GC(1)   Post Evacuate Collection Set: 0.4ms
[2023-11-10T16:04:14.084+0000][gc,phases   ] GC(1)   Other: 0.3ms
[2023-11-10T16:04:14.084+0000][gc,heap     ] GC(1) Eden regions: 9->0(49)
[2023-11-10T16:04:14.084+0000][gc,heap     ] GC(1) Survivor regions: 7->2(7)
[2023-11-10T16:04:14.084+0000][gc,heap     ] GC(1) Old regions: 0->7
[2023-11-10T16:04:14.084+0000][gc,heap     ] GC(1) Archive regions: 2->2
[2023-11-10T16:04:14.084+0000][gc,heap     ] GC(1) Humongous regions: 129->129
[2023-11-10T16:04:14.084+0000][gc,metaspace] GC(1) Metaspace: 21294K(21504K)->21294K(21504K) NonClass: 18456K(18560K)->18456K(18560K) Class: 2838K(2944K)->2838K(2944K)
[2023-11-10T16:04:14.084+0000][gc          ] GC(1) Pause Young (Concurrent Start) (Metadata GC Threshold) 145M->137M(1024M) 7.988ms
[2023-11-10T16:04:14.084+0000][gc,cpu      ] GC(1) User=0.00s Sys=0.01s Real=0.00s
[2023-11-10T16:04:14.084+0000][gc          ] GC(2) Concurrent Mark Cycle
[2023-11-10T16:04:14.085+0000][gc,marking  ] GC(2) Concurrent Clear Claimed Marks
[2023-11-10T16:04:14.085+0000][gc,marking  ] GC(2) Concurrent Clear Claimed Marks 0.028ms
[2023-11-10T16:04:14.085+0000][gc,marking  ] GC(2) Concurrent Scan Root Regions
[2023-11-10T16:04:14.088+0000][gc,marking  ] GC(2) Concurrent Scan Root Regions 3.422ms
[2023-11-10T16:04:14.089+0000][gc,marking  ] GC(2) Concurrent Mark
[2023-11-10T16:04:14.089+0000][gc,marking  ] GC(2) Concurrent Mark From Roots
[2023-11-10T16:04:14.089+0000][gc,task     ] GC(2) Using 1 workers of 1 for marking
[2023-11-10T16:04:14.092+0000][gc,marking  ] GC(2) Concurrent Mark From Roots 3.431ms
[2023-11-10T16:04:14.092+0000][gc,marking  ] GC(2) Concurrent Preclean
[2023-11-10T16:04:14.092+0000][gc,marking  ] GC(2) Concurrent Preclean 0.058ms
[2023-11-10T16:04:14.093+0000][gc,start    ] GC(2) Pause Remark
[2023-11-10T16:04:14.095+0000][gc          ] GC(2) Pause Remark 138M->138M(1024M) 2.096ms
[2023-11-10T16:04:14.095+0000][gc,cpu      ] GC(2) User=0.01s Sys=0.00s Real=0.01s
[2023-11-10T16:04:14.095+0000][gc,marking  ] GC(2) Concurrent Mark 6.322ms
[2023-11-10T16:04:14.095+0000][gc,marking  ] GC(2) Concurrent Rebuild Remembered Sets
[2023-11-10T16:04:14.100+0000][gc,marking  ] GC(2) Concurrent Rebuild Remembered Sets 5.175ms
[2023-11-10T16:04:14.101+0000][gc,start    ] GC(2) Pause Cleanup
[2023-11-10T16:04:14.101+0000][gc          ] GC(2) Pause Cleanup 139M->139M(1024M) 0.088ms
[2023-11-10T16:04:14.101+0000][gc,cpu      ] GC(2) User=0.00s Sys=0.00s Real=0.00s
[2023-11-10T16:04:14.101+0000][gc,marking  ] GC(2) Concurrent Cleanup for Next Mark
[2023-11-10T16:04:14.111+0000][gc,marking  ] GC(2) Concurrent Cleanup for Next Mark 10.377ms
[2023-11-10T16:04:14.111+0000][gc          ] GC(2) Concurrent Mark Cycle 26.754ms
[2023-11-10T16:05:19.751+0000][gc,start    ] GC(3) Pause Young (Normal) (G1 Evacuation Pause)
[2023-11-10T16:05:19.751+0000][gc,task     ] GC(3) Using 2 workers of 2 for evacuation
[2023-11-10T16:05:19.763+0000][gc,phases   ] GC(3)   Pre Evacuate Collection Set: 0.2ms
[2023-11-10T16:05:19.763+0000][gc,phases   ] GC(3)   Merge Heap Roots: 0.1ms
[2023-11-10T16:05:19.763+0000][gc,phases   ] GC(3)   Evacuate Collection Set: 11.0ms
[2023-11-10T16:05:19.763+0000][gc,phases   ] GC(3)   Post Evacuate Collection Set: 0.4ms
[2023-11-10T16:05:19.764+0000][gc,phases   ] GC(3)   Other: 0.3ms
[2023-11-10T16:05:19.764+0000][gc,heap     ] GC(3) Eden regions: 49->0(45)
[2023-11-10T16:05:19.764+0000][gc,heap     ] GC(3) Survivor regions: 2->6(7)
[2023-11-10T16:05:19.764+0000][gc,heap     ] GC(3) Old regions: 7->7
[2023-11-10T16:05:19.764+0000][gc,heap     ] GC(3) Archive regions: 2->2
[2023-11-10T16:05:19.764+0000][gc,heap     ] GC(3) Humongous regions: 129->129
[2023-11-10T16:05:19.764+0000][gc,metaspace] GC(3) Metaspace: 33013K(33280K)->33013K(33280K) NonClass: 29013K(29184K)->29013K(29184K) Class: 3999K(4096K)->3999K(4096K)
[2023-11-10T16:05:19.764+0000][gc          ] GC(3) Pause Young (Normal) (G1 Evacuation Pause) 186M->141M(1024M) 12.546ms
[2023-11-10T16:05:19.764+0000][gc,cpu      ] GC(3) User=0.01s Sys=0.00s Real=0.01s
[2023-11-10T16:10:55.442+0000][gc,start    ] GC(4) Pause Young (Concurrent Start) (Metadata GC Threshold)
[2023-11-10T16:10:55.442+0000][gc,task     ] GC(4) Using 2 workers of 2 for evacuation
[2023-11-10T16:10:55.455+0000][gc,phases   ] GC(4)   Pre Evacuate Collection Set: 0.1ms
[2023-11-10T16:10:55.455+0000][gc,phases   ] GC(4)   Merge Heap Roots: 0.1ms
[2023-11-10T16:10:55.455+0000][gc,phases   ] GC(4)   Evacuate Collection Set: 11.8ms
[2023-11-10T16:10:55.455+0000][gc,phases   ] GC(4)   Post Evacuate Collection Set: 1.0ms
[2023-11-10T16:10:55.455+0000][gc,phases   ] GC(4)   Other: 0.2ms
[2023-11-10T16:10:55.455+0000][gc,heap     ] GC(4) Eden regions: 27->0(49)
[2023-11-10T16:10:55.455+0000][gc,heap     ] GC(4) Survivor regions: 6->2(7)
[2023-11-10T16:10:55.455+0000][gc,heap     ] GC(4) Old regions: 7->12
[2023-11-10T16:10:55.455+0000][gc,heap     ] GC(4) Archive regions: 2->2
[2023-11-10T16:10:55.455+0000][gc,heap     ] GC(4) Humongous regions: 129->129
[2023-11-10T16:10:55.456+0000][gc,metaspace] GC(4) Metaspace: 36049K(36416K)->36049K(36416K) NonClass: 31622K(31808K)->31622K(31808K) Class: 4427K(4608K)->4427K(4608K)
[2023-11-10T16:10:55.456+0000][gc          ] GC(4) Pause Young (Concurrent Start) (Metadata GC Threshold) 168M->143M(1024M) 13.460ms
[2023-11-10T16:10:55.456+0000][gc,cpu      ] GC(4) User=0.01s Sys=0.00s Real=0.02s
[2023-11-10T16:10:55.456+0000][gc          ] GC(5) Concurrent Mark Cycle
[2023-11-10T16:10:55.456+0000][gc,marking  ] GC(5) Concurrent Clear Claimed Marks
[2023-11-10T16:10:55.456+0000][gc,marking  ] GC(5) Concurrent Clear Claimed Marks 0.061ms
[2023-11-10T16:10:55.456+0000][gc,marking  ] GC(5) Concurrent Scan Root Regions
[2023-11-10T16:10:55.464+0000][gc,marking  ] GC(5) Concurrent Scan Root Regions 7.890ms
[2023-11-10T16:10:55.464+0000][gc,marking  ] GC(5) Concurrent Mark
[2023-11-10T16:10:55.464+0000][gc,marking  ] GC(5) Concurrent Mark From Roots
[2023-11-10T16:10:55.464+0000][gc,task     ] GC(5) Using 1 workers of 1 for marking
[2023-11-10T16:10:55.505+0000][gc,marking  ] GC(5) Concurrent Mark From Roots 41.097ms
[2023-11-10T16:10:55.505+0000][gc,marking  ] GC(5) Concurrent Preclean
[2023-11-10T16:10:55.506+0000][gc,marking  ] GC(5) Concurrent Preclean 0.305ms
[2023-11-10T16:10:55.506+0000][gc,start    ] GC(5) Pause Remark
[2023-11-10T16:10:55.509+0000][gc          ] GC(5) Pause Remark 144M->144M(1024M) 3.470ms
[2023-11-10T16:10:55.510+0000][gc,cpu      ] GC(5) User=0.00s Sys=0.00s Real=0.00s
[2023-11-10T16:10:55.510+0000][gc,marking  ] GC(5) Concurrent Mark 45.497ms
[2023-11-10T16:10:55.510+0000][gc,marking  ] GC(5) Concurrent Rebuild Remembered Sets
[2023-11-10T16:10:55.534+0000][gc,marking  ] GC(5) Concurrent Rebuild Remembered Sets 24.302ms
[2023-11-10T16:10:55.534+0000][gc,start    ] GC(5) Pause Cleanup
[2023-11-10T16:10:55.534+0000][gc          ] GC(5) Pause Cleanup 145M->145M(1024M) 0.187ms
[2023-11-10T16:10:55.534+0000][gc,cpu      ] GC(5) User=0.00s Sys=0.00s Real=0.00s
[2023-11-10T16:10:55.535+0000][gc,marking  ] GC(5) Concurrent Cleanup for Next Mark
[2023-11-10T16:10:55.573+0000][gc,marking  ] GC(5) Concurrent Cleanup for Next Mark 38.728ms
[2023-11-10T16:10:55.573+0000][gc          ] GC(5) Concurrent Mark Cycle 117.722ms
[2023-11-10T16:22:58.661+0000][gc,start    ] GC(6) Pause Young (Normal) (G1 Evacuation Pause)
[2023-11-10T16:22:58.661+0000][gc,task     ] GC(6) Using 2 workers of 2 for evacuation
[2023-11-10T16:22:58.668+0000][gc,phases   ] GC(6)   Pre Evacuate Collection Set: 0.1ms
[2023-11-10T16:22:58.668+0000][gc,phases   ] GC(6)   Merge Heap Roots: 0.1ms
[2023-11-10T16:22:58.668+0000][gc,phases   ] GC(6)   Evacuate Collection Set: 6.1ms
[2023-11-10T16:22:58.668+0000][gc,phases   ] GC(6)   Post Evacuate Collection Set: 0.5ms
[2023-11-10T16:22:58.668+0000][gc,phases   ] GC(6)   Other: 0.1ms
[2023-11-10T16:22:58.668+0000][gc,heap     ] GC(6) Eden regions: 49->0(46)
[2023-11-10T16:22:58.668+0000][gc,heap     ] GC(6) Survivor regions: 2->5(7)
[2023-11-10T16:22:58.668+0000][gc,heap     ] GC(6) Old regions: 12->12
[2023-11-10T16:22:58.668+0000][gc,heap     ] GC(6) Archive regions: 2->2
[2023-11-10T16:22:58.668+0000][gc,heap     ] GC(6) Humongous regions: 129->129
[2023-11-10T16:22:58.668+0000][gc,metaspace] GC(6) Metaspace: 38322K(38848K)->38322K(38848K) NonClass: 33675K(33984K)->33675K(33984K) Class: 4647K(4864K)->4647K(4864K)
[2023-11-10T16:22:58.668+0000][gc          ] GC(6) Pause Young (Normal) (G1 Evacuation Pause) 192M->145M(1024M) 7.083ms
[2023-11-10T16:22:58.668+0000][gc,cpu      ] GC(6) User=0.01s Sys=0.00s Real=0.01s
[2023-11-10T16:38:25.249+0000][gc,start    ] GC(7) Pause Young (Normal) (G1 Evacuation Pause)
[2023-11-10T16:38:25.249+0000][gc,task     ] GC(7) Using 2 workers of 2 for evacuation
[2023-11-10T16:38:25.255+0000][gc,phases   ] GC(7)   Pre Evacuate Collection Set: 0.1ms
[2023-11-10T16:38:25.255+0000][gc,phases   ] GC(7)   Merge Heap Roots: 0.1ms
[2023-11-10T16:38:25.255+0000][gc,phases   ] GC(7)   Evacuate Collection Set: 5.7ms
[2023-11-10T16:38:25.256+0000][gc,phases   ] GC(7)   Post Evacuate Collection Set: 0.4ms
[2023-11-10T16:38:25.256+0000][gc,phases   ] GC(7)   Other: 0.2ms
[2023-11-10T16:38:25.256+0000][gc,heap     ] GC(7) Eden regions: 46->0(48)
[2023-11-10T16:38:25.256+0000][gc,heap     ] GC(7) Survivor regions: 5->3(7)
[2023-11-10T16:38:25.256+0000][gc,heap     ] GC(7) Old regions: 12->14
[2023-11-10T16:38:25.256+0000][gc,heap     ] GC(7) Archive regions: 2->2
[2023-11-10T16:38:25.256+0000][gc,heap     ] GC(7) Humongous regions: 129->129
[2023-11-10T16:38:25.256+0000][gc,metaspace] GC(7) Metaspace: 38474K(38912K)->38474K(38912K) NonClass: 33826K(34048K)->33826K(34048K) Class: 4647K(4864K)->4647K(4864K)
[2023-11-10T16:38:25.256+0000][gc          ] GC(7) Pause Young (Normal) (G1 Evacuation Pause) 191M->146M(1024M) 6.609ms
[2023-11-10T16:38:25.256+0000][gc,cpu      ] GC(7) User=0.01s Sys=0.00s Real=0.01s
